// Jest Snapshot v1, https://goo.gl/fbAQLP

exports[`SearchDecstop matches snapshot 1`] = `
<DocumentFragment>
  <div
    class="makeStyles-searchContainer-17"
  >
    <select
      data-testid="select"
      id="uc"
    >
      <option
        value="283566"
      >
        Evangelion: 3.0+1.0 Thrice Upon a Time
      </option>
      <option
        value="337404"
      >
        Cruella
      </option>
      <option
        value="379686"
      >
        Space Jam: A New Legacy
      </option>
      <option
        value="385128"
      >
        F9
      </option>
      <option
        value="436969"
      >
        The Suicide Squad
      </option>
    </select>
    <button
      class="MuiButtonBase-root MuiIconButton-root makeStyles-iconButton-18"
      data-testid="buttonSearch"
      tabindex="0"
      type="button"
    >
      <span
        class="MuiIconButton-label"
      >
        <svg
          aria-hidden="true"
          class="MuiSvgIcon-root"
          data-testid="searchIcon"
          focusable="false"
          viewBox="0 0 24 24"
        >
          <path
            d="M15.5 14h-.79l-.28-.27C15.41 12.59 16 11.11 16 9.5 16 5.91 13.09 3 9.5 3S3 5.91 3 9.5 5.91 16 9.5 16c1.61 0 3.09-.59 4.23-1.57l.27.28v.79l5 4.99L20.49 19l-4.99-5zm-6 0C7.01 14 5 11.99 5 9.5S7.01 5 9.5 5 14 7.01 14 9.5 11.99 14 9.5 14z"
          />
        </svg>
      </span>
      <span
        class="MuiTouchRipple-root"
      />
    </button>
  </div>
</DocumentFragment>
`;
