// Jest Snapshot v1, https://goo.gl/fbAQLP

exports[`render Not Found Page matches snapshot 1`] = `
<DocumentFragment>
  <div>
    <h1>
      Error 404. Page not found
    </h1>
  </div>
</DocumentFragment>
`;
