// Jest Snapshot v1, https://goo.gl/fbAQLP

exports[`BurgerMenu matches snapshot 1`] = `
<DocumentFragment>
  <button
    class="MuiButtonBase-root MuiIconButton-root makeStyles-icon-21"
    tabindex="0"
    type="button"
  >
    <span
      class="MuiIconButton-label"
    >
      <svg
        aria-hidden="true"
        class="MuiSvgIcon-root MuiSvgIcon-fontSizeLarge"
        focusable="false"
        viewBox="0 0 24 24"
      >
        <path
          d="M3 18h18v-2H3v2zm0-5h18v-2H3v2zm0-7v2h18V6H3z"
        />
      </svg>
    </span>
    <span
      class="MuiTouchRipple-root"
    />
  </button>
  <div
    class="PrivateSwipeArea-root-23 PrivateSwipeArea-anchorLeft-24"
    style="width: 20px;"
  />
</DocumentFragment>
`;
