// Jest Snapshot v1, https://goo.gl/fbAQLP

exports[`MenuDropdown matches snapshot 1`] = `
<DocumentFragment>
  <div>
    Swiper
  </div>
</DocumentFragment>
`;
