// Jest Snapshot v1, https://goo.gl/fbAQLP

exports[`MenuDropdown matches snapshot 1`] = `
<DocumentFragment>
  <div
    class="makeStyles-root-7"
  >
    <button
      class="MuiButtonBase-root MuiButton-root MuiButton-text makeStyles-button-9"
      tabindex="0"
      type="button"
    >
      <span
        class="MuiButton-label"
      >
        MOVIES
      </span>
      <span
        class="MuiTouchRipple-root"
      />
    </button>
  </div>
</DocumentFragment>
`;
