// Jest Snapshot v1, https://goo.gl/fbAQLP

exports[`render main page matches snapshot 1`] = `
<DocumentFragment>
  <div
    class="makeStyles-container-8"
  >
    <img
      alt="poster"
      class="makeStyles-poster-11"
      data-testid="poster"
      height="300px"
      src="https://image.tmdb.org/t/p/w200/jDwZavHo99JtGsCyRzp4epeeBHx.jpg"
      width="202px"
    />
    <p
      class="MuiTypography-root makeStyles-green-12 makeStyles-vote-10 MuiTypography-body1"
      data-testid="vote"
    >
      8.8
    </p>
    <p
      class="MuiTypography-root makeStyles-title-9 MuiTypography-body1"
      data-testid="title"
    >
      Evangelion: 3.0+1.0 Thrice Upon a Time
    </p>
  </div>
</DocumentFragment>
`;
